// Vitest Snapshot v1

exports[`matches snapshot 1`] = `
<div
  class="flex flex-col bg- text- justify-start items-start flex-nowrap gap-4 text-standard-d p-2 rounded-md bg-standard-l undefined  undefined"
  data-testid="Card"
/>
`;
