// Vitest Snapshot v1

exports[`Quote Component > should render and match the snapshot 1`] = `
<DocumentFragment>
  <blockquote
    class="undefined m-auto"
  >
    <div
      class="flex flex-col bg- text- justify-start items-end flex-nowrap gap-2 w-1/2 m-auto"
      role="presentation"
    >
      <p
        class="text-green-500 text-pretty font-serif italic"
      >
        " This is a snapshot test quote. "
      </p>
      <a
        class="text-sm text-blue-500 hover:opacity-70"
        href="https://example.com"
      >
        Source
      </a>
    </div>
  </blockquote>
</DocumentFragment>
`;
