// Vitest Snapshot v1

exports[`ScrollArea Component > should render and match the snapshot 1`] = `
<DocumentFragment>
  <div
    class="h-96 overflow-auto scrollbar-light undefined"
  >
    <div>
      Snapshot Test
    </div>
  </div>
</DocumentFragment>
`;
